Category: 📺央视频道, Name: CCTV-2, Total: 8, Valid: 8, Valid Percent: 100.00%, Whitelist: 0, IPv4: 8, IPv6: 0, Min Delay: 738 ms, Max Speed: 3.32 M/s, Avg Speed: 2.86 M/s, Max Resolution: 1920x1080
Category: 📺央视频道, Name: CCTV-3, Total: 8, Valid: 8, Valid Percent: 100.00%, Whitelist: 0, IPv4: 8, IPv6: 0, Min Delay: 606 ms, Max Speed: 4.94 M/s, Avg Speed: 2.72 M/s, Max Resolution: 1920x1080
Category: 📺央视频道, Name: CCTV-4, Total: 15, Valid: 15, Valid Percent: 100.00%, Whitelist: 0, IPv4: 15, IPv6: 0, Min Delay: 76 ms, Max Speed: 71.60 M/s, Avg Speed: 30.71 M/s, Max Resolution: 1920x1080
Category: 📺央视频道, Name: CCTV-5, Total: 29, Valid: 29, Valid Percent: 100.00%, Whitelist: 0, IPv4: 29, IPv6: 0, Min Delay: 76 ms, Max Speed: 71.60 M/s, Avg Speed: 14.69 M/s, Max Resolution: 1920x1080
Category: 📺央视频道, Name: CCTV-5+, Total: 7, Valid: 7, Valid Percent: 100.00%, Whitelist: 0, IPv4: 7, IPv6: 0, Min Delay: 554 ms, Max Speed: 4.99 M/s, Avg Speed: 3.40 M/s, Max Resolution: 1920x1080
Category: 📺央视频道, Name: CCTV-6, Total: 20, Valid: 20, Valid Percent: 100.00%, Whitelist: 0, IPv4: 20, IPv6: 0, Min Delay: 76 ms, Max Speed: 71.60 M/s, Avg Speed: 27.06 M/s, Max Resolution: 1920x1080
Category: 📺央视频道, Name: CCTV-7, Total: 18, Valid: 18, Valid Percent: 100.00%, Whitelist: 0, IPv4: 18, IPv6: 0, Min Delay: 76 ms, Max Speed: 71.60 M/s, Avg Speed: 29.82 M/s, Max Resolution: 1920x1080
Category: 📺央视频道, Name: CCTV-8, Total: 26, Valid: 26, Valid Percent: 100.00%, Whitelist: 0, IPv4: 26, IPv6: 0, Min Delay: 76 ms, Max Speed: 71.60 M/s, Avg Speed: 18.66 M/s, Max Resolution: 1920x1080
Category: 📺央视频道, Name: CCTV-9, Total: 20, Valid: 20, Valid Percent: 100.00%, Whitelist: 0, IPv4: 20, IPv6: 0, Min Delay: 76 ms, Max Speed: 71.60 M/s, Avg Speed: 27.22 M/s, Max Resolution: 1920x1080
Category: 📺央视频道, Name: CCTV-10, Total: 24, Valid: 24, Valid Percent: 100.00%, Whitelist: 0, IPv4: 24, IPv6: 0, Min Delay: 76 ms, Max Speed: 71.60 M/s, Avg Speed: 22.76 M/s, Max Resolution: 1920x1080
Category: 📺央视频道, Name: CCTV-11, Total: 20, Valid: 20, Valid Percent: 100.00%, Whitelist: 0, IPv4: 20, IPv6: 0, Min Delay: 76 ms, Max Speed: 71.60 M/s, Avg Speed: 23.65 M/s, Max Resolution: 1920x1080
Category: 📺央视频道, Name: CCTV-12, Total: 21, Valid: 21, Valid Percent: 100.00%, Whitelist: 0, IPv4: 21, IPv6: 0, Min Delay: 76 ms, Max Speed: 71.60 M/s, Avg Speed: 25.93 M/s, Max Resolution: 1920x1080
Category: 📺央视频道, Name: CCTV-13, Total: 21, Valid: 21, Valid Percent: 100.00%, Whitelist: 0, IPv4: 19, IPv6: 2, Min Delay: 76 ms, Max Speed: 71.60 M/s, Avg Speed: 25.88 M/s, Max Resolution: 1920x1080
Category: 📺央视频道, Name: CCTV-14, Total: 25, Valid: 25, Valid Percent: 100.00%, Whitelist: 0, IPv4: 22, IPv6: 3, Min Delay: 76 ms, Max Speed: 71.60 M/s, Avg Speed: 22.19 M/s, Max Resolution: 1920x1080
Category: 📡卫视频道, Name: 浙江卫视, Total: 18, Valid: 18, Valid Percent: 100.00%, Whitelist: 0, IPv4: 16, IPv6: 2, Min Delay: 76 ms, Max Speed: 71.60 M/s, Avg Speed: 25.73 M/s, Max Resolution: 1920x1080
Category: 📡卫视频道, Name: 湖南卫视, Total: 21, Valid: 21, Valid Percent: 100.00%, Whitelist: 0, IPv4: 21, IPv6: 0, Min Delay: 17 ms, Max Speed: 71.60 M/s, Avg Speed: 26.40 M/s, Max Resolution: 1920x1080
Category: 📡卫视频道, Name: 北京卫视, Total: 17, Valid: 17, Valid Percent: 100.00%, Whitelist: 0, IPv4: 17, IPv6: 0, Min Delay: 17 ms, Max Speed: 71.60 M/s, Avg Speed: 27.56 M/s, Max Resolution: 1920x1080
Category: 📡卫视频道, Name: 东方卫视, Total: 16, Valid: 16, Valid Percent: 100.00%, Whitelist: 0, IPv4: 16, IPv6: 0, Min Delay: 76 ms, Max Speed: 71.60 M/s, Avg Speed: 33.30 M/s, Max Resolution: 1920x1080
Category: 📡卫视频道, Name: 东南卫视, Total: 15, Valid: 15, Valid Percent: 100.00%, Whitelist: 0, IPv4: 15, IPv6: 0, Min Delay: 76 ms, Max Speed: 71.60 M/s, Avg Speed: 39.77 M/s, Max Resolution: 1920x1080
Category: 📡卫视频道, Name: 江苏卫视, Total: 19, Valid: 19, Valid Percent: 100.00%, Whitelist: 0, IPv4: 19, IPv6: 0, Min Delay: 76 ms, Max Speed: 71.60 M/s, Avg Speed: 30.94 M/s, Max Resolution: 1920x1080
Category: 📡卫视频道, Name: 四川卫视, Total: 17, Valid: 17, Valid Percent: 100.00%, Whitelist: 0, IPv4: 17, IPv6: 0, Min Delay: 17 ms, Max Speed: 71.60 M/s, Avg Speed: 43.62 M/s, Max Resolution: 1920x1080
